2026-09-05 21:28:59,135 - [87] - ERROR - Bussiness.Interface.BaseInterface - centerServiceClient2.ActivePlayer
2026-09-05 21:33:20,724 - [20] - ERROR - Bussiness.Interface.BaseInterface - centerServiceClient2.ActivePlayer
2026-09-05 21:39:25,618 - [96] - ERROR - Bussiness.BaseBussiness - Init
System.InvalidCastException: Specified cast is not valid.
   at Bussiness.PlayerBussiness.ActivePlayer(PlayerInfo& player, String userName, String passWord, Boolean sex, Int32 gold, Int32 money, String IP, String site)
2026-09-05 21:39:25,634 - [96] - ERROR - Bussiness.Interface.BaseInterface - centerServiceClient2.ActivePlayer
2026-09-05 21:44:12,953 - [69] - ERROR - Bussiness.BaseBussiness - Init
System.InvalidCastException: Specified cast is not valid.
   at Bussiness.PlayerBussiness.ActivePlayer(PlayerInfo& player, String userName, String passWord, Boolean sex, Int32 gold, Int32 money, String IP, String site)
2026-09-05 21:44:12,956 - [69] - ERROR - Bussiness.Interface.BaseInterface - centerServiceClient2.ActivePlayer
2026-09-05 21:52:36,132 - [43] - ERROR - Bussiness.BaseBussiness - Init
System.InvalidCastException: Specified cast is not valid.
   at Bussiness.PlayerBussiness.ActivePlayer(PlayerInfo& player, String userName, String passWord, Boolean sex, Int32 gold, Int32 money, String IP, String site)
2026-09-05 21:52:36,134 - [43] - ERROR - Bussiness.Interface.BaseInterface - centerServiceClient2.ActivePlayer
2026-09-05 21:58:44,853 - [83] - ERROR - Bussiness.BaseBussiness - Init
System.InvalidCastException: Specified cast is not valid.
   at Bussiness.PlayerBussiness.ActivePlayer(PlayerInfo& player, String userName, String passWord, Boolean sex, Int32 gold, Int32 money, String IP, String site)
2026-09-05 21:58:44,856 - [83] - ERROR - Bussiness.Interface.BaseInterface - centerServiceClient2.ActivePlayer
2026-09-05 21:58:46,833 - [138] - ERROR - Tank.Request.IMListLoad - IMListLoad
System.ArgumentNullException: Value cannot be null.
Parameter name: String
   at System.Number.StringToNumber(String str, NumberStyles options, NumberBuffer& number, NumberFormatInfo info, Boolean parseDecimal)
   at System.Number.ParseInt32(String s, NumberStyles style, NumberFormatInfo info)
   at Tank.Request.IMListLoad.ProcessRequest(HttpContext context) in E:\Backup KhanhLam\NEWGUN Dev\NEWGUN\Tank.Request\IMListLoad.ashx.cs:line 33
2026-09-05 21:58:46,889 - [41] - ERROR - Tank.Request.AdvanceQuestTime - IMListLoad
System.ArgumentNullException: Value cannot be null.
Parameter name: String
   at System.Number.StringToNumber(String str, NumberStyles options, NumberBuffer& number, NumberFormatInfo info, Boolean parseDecimal)
   at System.Number.ParseInt32(String s, NumberStyles style, NumberFormatInfo info)
   at Tank.Request.AdvanceQuestTime.ProcessRequest(HttpContext context) in E:\Backup KhanhLam\NEWGUN Dev\NEWGUN\Tank.Request\AdvanceQuestTime.ashx.cs:line 33
