2026-09-05 20:09:07,862 - [MAIN] - ERROR - Game.Logic.BallMgr - can't find bomb file:bomb\11426.bomb
2026-09-05 20:09:07,864 - [MAIN] - ERROR - Game.Logic.BallMgr - can't find bomb file:bomb\11427.bomb
2026-09-05 20:09:07,865 - [MAIN] - ERROR - Game.Logic.BallMgr - can't find bomb file:bomb\11428.bomb
2026-09-05 20:09:07,865 - [MAIN] - ERROR - Game.Logic.BallMgr - can't find bomb file:bomb\11429.bomb
2026-09-05 20:09:07,865 - [MAIN] - ERROR - Game.Logic.BallMgr - can't find bomb file:bomb\11430.bomb
2026-09-05 20:09:07,865 - [MAIN] - ERROR - Game.Logic.BallMgr - can't find bomb file:bomb\11433.bomb
2026-09-05 20:09:07,865 - [MAIN] - ERROR - Game.Logic.BallMgr - can't find bomb file:bomb\11434.bomb
2026-09-05 20:09:07,920 - [MAIN] - ERROR - Game.Logic.BallMgr - can't find bomb file:bomb\12401.bomb
2026-09-05 20:09:07,921 - [MAIN] - ERROR - Game.Logic.BallMgr - can't find bomb file:bomb\12402.bomb
2026-09-05 20:09:07,921 - [MAIN] - ERROR - Game.Logic.BallMgr - can't find bomb file:bomb\12403.bomb
2026-09-05 20:09:07,921 - [MAIN] - ERROR - Game.Logic.BallMgr - can't find bomb file:bomb\12501.bomb
2026-09-05 20:09:07,921 - [MAIN] - ERROR - Game.Logic.BallMgr - can't find bomb file:bomb\12502.bomb
2026-09-05 20:09:07,921 - [MAIN] - ERROR - Game.Logic.BallMgr - can't find bomb file:bomb\12503.bomb
2026-09-05 20:09:07,921 - [MAIN] - ERROR - Game.Logic.BallMgr - can't find bomb file:bomb\12601.bomb
2026-09-05 20:09:07,921 - [MAIN] - ERROR - Game.Logic.BallMgr - can't find bomb file:bomb\12602.bomb
2026-09-05 20:09:07,921 - [MAIN] - ERROR - Game.Logic.BallMgr - can't find bomb file:bomb\12603.bomb
2026-09-05 20:09:07,921 - [MAIN] - ERROR - Game.Logic.BallMgr - can't find bomb file:bomb\12604.bomb
2026-09-05 20:09:08,436 - [MAIN] - ERROR - Game.Logic.BallMgr - can't find bomb file:bomb\124011.bomb
2026-09-05 20:09:08,436 - [MAIN] - ERROR - Game.Logic.BallMgr - can't find bomb file:bomb\124012.bomb
2026-09-05 20:09:08,436 - [MAIN] - ERROR - Game.Logic.BallMgr - can't find bomb file:bomb\124013.bomb
2026-09-05 20:09:08,436 - [MAIN] - ERROR - Game.Logic.BallMgr - can't find bomb file:bomb\124021.bomb
2026-09-05 20:09:08,436 - [MAIN] - ERROR - Game.Logic.BallMgr - can't find bomb file:bomb\124022.bomb
2026-09-05 20:09:08,436 - [MAIN] - ERROR - Game.Logic.BallMgr - can't find bomb file:bomb\124023.bomb
2026-09-05 20:09:08,436 - [MAIN] - ERROR - Game.Logic.BallMgr - can't find bomb file:bomb\124031.bomb
2026-09-05 20:09:08,436 - [MAIN] - ERROR - Game.Logic.BallMgr - can't find bomb file:bomb\124032.bomb
2026-09-05 20:09:08,436 - [MAIN] - ERROR - Game.Logic.BallMgr - can't find bomb file:bomb\124033.bomb
2026-09-05 20:09:08,436 - [MAIN] - ERROR - Game.Logic.BallMgr - can't find bomb file:bomb\125011.bomb
2026-09-05 20:09:08,436 - [MAIN] - ERROR - Game.Logic.BallMgr - can't find bomb file:bomb\125012.bomb
2026-09-05 20:09:08,436 - [MAIN] - ERROR - Game.Logic.BallMgr - can't find bomb file:bomb\125013.bomb
2026-09-05 20:09:08,437 - [MAIN] - ERROR - Game.Logic.BallMgr - can't find bomb file:bomb\125021.bomb
2026-09-05 20:09:08,437 - [MAIN] - ERROR - Game.Logic.BallMgr - can't find bomb file:bomb\125022.bomb
2026-09-05 20:09:08,437 - [MAIN] - ERROR - Game.Logic.BallMgr - can't find bomb file:bomb\125023.bomb
2026-09-05 20:09:08,437 - [MAIN] - ERROR - Game.Logic.BallMgr - can't find bomb file:bomb\125031.bomb
2026-09-05 20:09:08,437 - [MAIN] - ERROR - Game.Logic.BallMgr - can't find bomb file:bomb\125032.bomb
2026-09-05 20:09:08,437 - [MAIN] - ERROR - Game.Logic.BallMgr - can't find bomb file:bomb\125033.bomb
2026-09-05 20:09:08,437 - [MAIN] - ERROR - Game.Logic.BallMgr - can't find bomb file:bomb\126011.bomb
2026-09-05 20:09:08,437 - [MAIN] - ERROR - Game.Logic.BallMgr - can't find bomb file:bomb\126012.bomb
2026-09-05 20:09:08,437 - [MAIN] - ERROR - Game.Logic.BallMgr - can't find bomb file:bomb\126013.bomb
2026-09-05 20:09:08,437 - [MAIN] - ERROR - Game.Logic.BallMgr - can't find bomb file:bomb\126021.bomb
2026-09-05 20:09:08,437 - [MAIN] - ERROR - Game.Logic.BallMgr - can't find bomb file:bomb\126022.bomb
2026-09-05 20:09:08,437 - [MAIN] - ERROR - Game.Logic.BallMgr - can't find bomb file:bomb\126023.bomb
2026-09-05 20:09:08,437 - [MAIN] - ERROR - Game.Logic.BallMgr - can't find bomb file:bomb\126031.bomb
2026-09-05 20:09:08,437 - [MAIN] - ERROR - Game.Logic.BallMgr - can't find bomb file:bomb\126032.bomb
2026-09-05 20:09:08,437 - [MAIN] - ERROR - Game.Logic.BallMgr - can't find bomb file:bomb\126033.bomb
2026-09-05 20:09:08,438 - [MAIN] - ERROR - Game.Logic.BallMgr - can't find bomb file:bomb\126041.bomb
2026-09-05 20:09:08,438 - [MAIN] - ERROR - Game.Logic.BallMgr - can't find bomb file:bomb\126042.bomb
2026-09-05 20:09:08,438 - [MAIN] - ERROR - Game.Logic.BallMgr - can't find bomb file:bomb\126043.bomb
2026-09-05 20:09:08,993 - [MAIN] - ERROR - Game.Server.GameServer - Cant parse other login server!
2026-09-05 21:44:13,229 - [29] - ERROR - Game.Base.Packets.StreamProcessor - AsyncTcpSendCallback
System.InvalidOperationException: Queue empty.
   at System.Collections.Queue.Dequeue()
   at Game.Base.Packets.StreamProcessor.AsyncTcpSendCallback(Object sender, SocketAsyncEventArgs e) in E:\Arquivos\Projetos\DDTank41\Game.Base\Packets\StreamProcessor.cs:line 100
2026-09-05 21:58:45,395 - [30] - ERROR - Bussiness.BaseBussiness - Init
System.NullReferenceException: Object reference not set to an instance of an object.
   at Bussiness.PlayerBussiness.UpdatePlayer(PlayerInfo player) in E:\Arquivos\Projetos\DDTank41\Bussiness\PlayerBussiness.cs:line 5801
2026-09-05 21:58:45,409 - [30] - ERROR - Bussiness.BaseBussiness - Init
System.NullReferenceException: Object reference not set to an instance of an object.
   at Bussiness.PlayerBussiness.UpdatePlayer(PlayerInfo player) in E:\Arquivos\Projetos\DDTank41\Bussiness\PlayerBussiness.cs:line 5801
2026-09-05 21:58:45,416 - [30] - ERROR - Bussiness.BaseBussiness - Init
System.NullReferenceException: Object reference not set to an instance of an object.
   at Bussiness.PlayerBussiness.UpdatePlayer(PlayerInfo player) in E:\Arquivos\Projetos\DDTank41\Bussiness\PlayerBussiness.cs:line 5801
2026-09-05 21:58:45,422 - [30] - ERROR - Bussiness.BaseBussiness - Init
System.NullReferenceException: Object reference not set to an instance of an object.
   at Bussiness.PlayerBussiness.UpdatePlayer(PlayerInfo player) in E:\Arquivos\Projetos\DDTank41\Bussiness\PlayerBussiness.cs:line 5801
2026-09-05 21:58:45,473 - [30] - ERROR - Bussiness.BaseBussiness - Init
System.NullReferenceException: Object reference not set to an instance of an object.
   at Bussiness.PlayerBussiness.UpdatePlayer(PlayerInfo player) in E:\Arquivos\Projetos\DDTank41\Bussiness\PlayerBussiness.cs:line 5801
2026-09-05 21:59:09,134 - [30] - ERROR - Bussiness.BaseBussiness - Init
System.NullReferenceException: Object reference not set to an instance of an object.
   at Bussiness.PlayerBussiness.UpdatePlayer(PlayerInfo player) in E:\Arquivos\Projetos\DDTank41\Bussiness\PlayerBussiness.cs:line 5801
2026-09-05 21:59:09,138 - [30] - ERROR - Bussiness.BaseBussiness - Init
System.NullReferenceException: Object reference not set to an instance of an object.
   at Bussiness.PlayerBussiness.UpdatePlayer(PlayerInfo player) in E:\Arquivos\Projetos\DDTank41\Bussiness\PlayerBussiness.cs:line 5801
2026-09-05 22:09:09,147 - [31] - ERROR - Bussiness.BaseBussiness - Init
System.NullReferenceException: Object reference not set to an instance of an object.
   at Bussiness.PlayerBussiness.UpdatePlayer(PlayerInfo player) in E:\Arquivos\Projetos\DDTank41\Bussiness\PlayerBussiness.cs:line 5801
2026-09-05 22:09:09,151 - [31] - ERROR - Bussiness.BaseBussiness - Init
System.NullReferenceException: Object reference not set to an instance of an object.
   at Bussiness.PlayerBussiness.UpdatePlayer(PlayerInfo player) in E:\Arquivos\Projetos\DDTank41\Bussiness\PlayerBussiness.cs:line 5801
2026-09-05 22:18:40,172 - [50] - ERROR - GamePlayer - Player exit Game Error!
System.NullReferenceException: Object reference not set to an instance of an object.
   at Game.Base.Packets.AbstractPacketLib.SendUpdatePlayerProperty(PlayerInfo info, PlayerProperty PlayerProp) in E:\Arquivos\Projetos\DDTank41\Game.Server\Packets\Packets\AbstractPacketLib.cs:line 2120
   at Game.Server.GameUtils.PlayerProperty.ViewCurrent() in E:\Arquivos\Projetos\DDTank41\Game.Server\GameUtils\PlayerProperty.cs:line 205
   at Game.Server.GameUtils.PlayerEquipInventory.UpdatePlayerProperties() in E:\Arquivos\Projetos\DDTank41\Game.Server\GameUtils\PlayerEquipInventory.cs:line 459
   at Game.Server.GameUtils.PlayerEquipInventory.UpdateChangedPlaces() in E:\Arquivos\Projetos\DDTank41\Game.Server\GameUtils\PlayerEquipInventory.cs:line 196
   at Game.Server.GameUtils.AbstractInventory.OnPlaceChanged(Int32 place) in E:\Arquivos\Projetos\DDTank41\Game.Server\GameUtils\AbstractInventory.cs:line 1081
   at Game.Server.GameUtils.AbstractInventory.AddItemTo(ItemInfo item, Int32 place) in E:\Arquivos\Projetos\DDTank41\Game.Server\GameUtils\AbstractInventory.cs:line 104
   at Game.Server.GameUtils.PlayerInventory.AddItemTo(ItemInfo item, Int32 place) in E:\Arquivos\Projetos\DDTank41\Game.Server\GameUtils\PlayerInventory.cs:line 190
   at GamePlayer.Quit() in E:\Arquivos\Projetos\DDTank41\Game.Server\GamePlayer.cs:line 3790
2026-09-05 22:18:40,190 - [50] - ERROR - Bussiness.BaseBussiness - Init
System.NullReferenceException: Object reference not set to an instance of an object.
   at Bussiness.PlayerBussiness.UpdatePlayer(PlayerInfo player) in E:\Arquivos\Projetos\DDTank41\Bussiness\PlayerBussiness.cs:line 5801
2026-09-05 22:18:40,197 - [50] - ERROR - Bussiness.BaseBussiness - Init item.goldBeginTime: 05/09/2026 22:18:40 item.goldValidDate: 0
System.NullReferenceException: Object reference not set to an instance of an object.
   at Bussiness.PlayerBussiness.AddGoods(ItemInfo item) in E:\Arquivos\Projetos\DDTank41\Bussiness\PlayerBussiness.cs:line 381
