2026-09-05 21:49:08.591 login.ashx empty p
2026-09-05 21:49:08.600 login.ashx OUT <Result value="false" message="Tank.Request.Login.Fail1" />
2026-09-05 21:51:42.735 select <Result value="true" message="Success!" total="1">
  <Item ID="2" UserName="myaccount" NickName="myaccount" Grade="1" Repute="0" Sex="true" WinCount="0" TotalCount="0" ConsortiaName="" Rename="false" IsVIP="false" VIPLevel="0" ConsortiaRename="false" EscapeCount="0" IsFirst="0" LastDate="2026-09-04T21:51:42.7359526-03:00" />
</Result>
2026-09-05 21:52:36.077 login.ashx name=myaccount nick=myaccount
2026-09-05 21:52:36.134 CreateLogin id=0 isFirst=0 isError=False isActive=True
2026-09-05 21:52:36.151 fallback GetUserSingleByUserName id=2 nick=
2026-09-05 21:52:36.163 Center.CreatePlayer id=2 ok=True
2026-09-05 21:52:36.164 login.ashx OUT <Result value="true" message="Tank.Request.Login.Success">
  <Item ID="2" IsFirst="0" NickName="" Date="" IsConsortia="0" ConsortiaID="0" Sex="true" WinCount="0" TotalCount="0" EscapeCount="0" DutyName="" GP="1" Honor="" Style=",,,,,," Gold="0" Colors=",,,,,," Attack="0" Defence="0" Agility="0" Luck="0" Grade="1" Hide="1111111111" Repute="0" ConsortiaName="" Offer="0" Skin="" ReputeOffer="0" ConsortiaHonor="0" ConsortiaLevel="0" ConsortiaRepute="0" Money="0" AntiAddiction="0" IsMarried="false" SpouseID="0" SpouseName="" MarryInfoID="0" IsCreatedMarryRoom="false" IsGotRing="false" LoginName="myaccount" Nimbus="0" FightPower="0" AnswerSite="0" WeaklessGuildProgressStr="AAAAAAAAAAAAAAAAAAAAAAAAAAAAAAAAAAAAAAAAAAAAAAAAAAAAAAAAAAAAAAAAAAAAAAAAAAAAAAAAAAAAAAAAAAAAAAAAAAAAAAAAAAAAAAAAAAAAAAAAAAAAAAAAAAAAAAAAAAAAAAAAAAAAAAAAAAAAAAAAAAAAAAAAAAA=" IsOldPlayer="false" />
</Result>
2026-09-05 21:58:19.501 select <Result value="true" message="Success!" total="1">
  <Item ID="2" UserName="myaccount" NickName="myaccount" Grade="1" Repute="0" Sex="true" WinCount="0" TotalCount="0" ConsortiaName="" Rename="false" IsVIP="false" VIPLevel="0" ConsortiaRename="false" EscapeCount="0" IsFirst="0" LastDate="2026-09-04T21:58:19.5004059-03:00" />
</Result>
2026-09-05 21:58:44.784 login.ashx name=myaccount nick=myaccount
2026-09-05 21:58:44.856 CreateLogin id=0 isFirst=0 isError=False isActive=True
2026-09-05 21:58:44.870 fallback GetUserSingleByUserName id=2 nick=
2026-09-05 21:58:44.871 Center.CreatePlayer id=2 ok=True
2026-09-05 21:58:44.872 login.ashx OUT <Result value="true" message="Tank.Request.Login.Success">
  <Item ID="2" IsFirst="0" NickName="myaccount" Date="" IsConsortia="0" ConsortiaID="0" Sex="true" WinCount="0" TotalCount="0" EscapeCount="0" DutyName="" GP="1" Honor="" Style=",,,,,," Gold="0" Colors=",,,,,," Attack="0" Defence="0" Agility="0" Luck="0" Grade="1" Hide="1111111111" Repute="0" ConsortiaName="" Offer="0" Skin="" ReputeOffer="0" ConsortiaHonor="0" ConsortiaLevel="0" ConsortiaRepute="0" Money="0" AntiAddiction="0" IsMarried="false" SpouseID="0" SpouseName="" MarryInfoID="0" IsCreatedMarryRoom="false" IsGotRing="false" LoginName="myaccount" Nimbus="0" FightPower="0" AnswerSite="0" WeaklessGuildProgressStr="AAAAAAAAAAAAAAAAAAAAAAAAAAAAAAAAAAAAAAAAAAAAAAAAAAAAAAAAAAAAAAAAAAAAAAAAAAAAAAAAAAAAAAAAAAAAAAAAAAAAAAAAAAAAAAAAAAAAAAAAAAAAAAAAAAAAAAAAAAAAAAAAAAAAAAAAAAAAAAAAAAAAAAAAAAA=" IsOldPlayer="false" />
</Result>
