2026-09-05 20:08:25,644 - [MAIN] - INFO  - Fighting.Server.FightServer - InitSocket Port:9208: True
2026-09-05 20:08:25,663 - [MAIN] - INFO  - Fighting.Server.FightServer - Recompile Scripts: True
2026-09-05 20:08:25,674 - [MAIN] - INFO  - Fighting.Server.FightServer - Registering global event handlers: true
2026-09-05 20:08:25,674 - [MAIN] - INFO  - Fighting.Server.FightServer - Script components: True
2026-09-05 20:08:25,675 - [MAIN] - INFO  - Fighting.Server.FightServer - RoomMgr.Setup: True
2026-09-05 20:08:25,675 - [MAIN] - INFO  - Fighting.Server.FightServer - GameMgr.Setup: True
2026-09-05 20:08:29,335 - [MAIN] - INFO  - Fighting.Server.FightServer - MapMgr Init: True
2026-09-05 20:08:29,417 - [MAIN] - INFO  - Fighting.Server.FightServer - ItemMgr Init: True
2026-09-05 20:08:29,426 - [MAIN] - INFO  - Fighting.Server.FightServer - PropItemMgr Init: True
2026-09-05 20:08:33,454 - [MAIN] - ERROR - Game.Logic.BallMgr - can't find bomb file:bomb\11426.bomb
2026-09-05 20:08:33,457 - [MAIN] - ERROR - Game.Logic.BallMgr - can't find bomb file:bomb\11427.bomb
2026-09-05 20:08:33,457 - [MAIN] - ERROR - Game.Logic.BallMgr - can't find bomb file:bomb\11428.bomb
2026-09-05 20:08:33,457 - [MAIN] - ERROR - Game.Logic.BallMgr - can't find bomb file:bomb\11429.bomb
2026-09-05 20:08:33,458 - [MAIN] - ERROR - Game.Logic.BallMgr - can't find bomb file:bomb\11430.bomb
2026-09-05 20:08:33,458 - [MAIN] - ERROR - Game.Logic.BallMgr - can't find bomb file:bomb\11433.bomb
2026-09-05 20:08:33,458 - [MAIN] - ERROR - Game.Logic.BallMgr - can't find bomb file:bomb\11434.bomb
2026-09-05 20:08:33,523 - [MAIN] - ERROR - Game.Logic.BallMgr - can't find bomb file:bomb\12401.bomb
2026-09-05 20:08:33,524 - [MAIN] - ERROR - Game.Logic.BallMgr - can't find bomb file:bomb\12402.bomb
2026-09-05 20:08:33,524 - [MAIN] - ERROR - Game.Logic.BallMgr - can't find bomb file:bomb\12403.bomb
2026-09-05 20:08:33,524 - [MAIN] - ERROR - Game.Logic.BallMgr - can't find bomb file:bomb\12501.bomb
2026-09-05 20:08:33,524 - [MAIN] - ERROR - Game.Logic.BallMgr - can't find bomb file:bomb\12502.bomb
2026-09-05 20:08:33,524 - [MAIN] - ERROR - Game.Logic.BallMgr - can't find bomb file:bomb\12503.bomb
2026-09-05 20:08:33,524 - [MAIN] - ERROR - Game.Logic.BallMgr - can't find bomb file:bomb\12601.bomb
2026-09-05 20:08:33,524 - [MAIN] - ERROR - Game.Logic.BallMgr - can't find bomb file:bomb\12602.bomb
2026-09-05 20:08:33,524 - [MAIN] - ERROR - Game.Logic.BallMgr - can't find bomb file:bomb\12603.bomb
2026-09-05 20:08:33,524 - [MAIN] - ERROR - Game.Logic.BallMgr - can't find bomb file:bomb\12604.bomb
2026-09-05 20:08:34,160 - [MAIN] - ERROR - Game.Logic.BallMgr - can't find bomb file:bomb\124011.bomb
2026-09-05 20:08:34,160 - [MAIN] - ERROR - Game.Logic.BallMgr - can't find bomb file:bomb\124012.bomb
2026-09-05 20:08:34,160 - [MAIN] - ERROR - Game.Logic.BallMgr - can't find bomb file:bomb\124013.bomb
2026-09-05 20:08:34,160 - [MAIN] - ERROR - Game.Logic.BallMgr - can't find bomb file:bomb\124021.bomb
2026-09-05 20:08:34,160 - [MAIN] - ERROR - Game.Logic.BallMgr - can't find bomb file:bomb\124022.bomb
2026-09-05 20:08:34,160 - [MAIN] - ERROR - Game.Logic.BallMgr - can't find bomb file:bomb\124023.bomb
2026-09-05 20:08:34,160 - [MAIN] - ERROR - Game.Logic.BallMgr - can't find bomb file:bomb\124031.bomb
2026-09-05 20:08:34,160 - [MAIN] - ERROR - Game.Logic.BallMgr - can't find bomb file:bomb\124032.bomb
2026-09-05 20:08:34,161 - [MAIN] - ERROR - Game.Logic.BallMgr - can't find bomb file:bomb\124033.bomb
2026-09-05 20:08:34,161 - [MAIN] - ERROR - Game.Logic.BallMgr - can't find bomb file:bomb\125011.bomb
2026-09-05 20:08:34,161 - [MAIN] - ERROR - Game.Logic.BallMgr - can't find bomb file:bomb\125012.bomb
2026-09-05 20:08:34,161 - [MAIN] - ERROR - Game.Logic.BallMgr - can't find bomb file:bomb\125013.bomb
2026-09-05 20:08:34,161 - [MAIN] - ERROR - Game.Logic.BallMgr - can't find bomb file:bomb\125021.bomb
2026-09-05 20:08:34,161 - [MAIN] - ERROR - Game.Logic.BallMgr - can't find bomb file:bomb\125022.bomb
2026-09-05 20:08:34,161 - [MAIN] - ERRO